[backblue.gif]
[fade.gif]
[index.html]
[www.julius-berger.com/fileadmin/templates/images/favicon.ico]
[www.julius-berger.com/rss.xml]
[www.julius-berger.com/fileadmin/templates/images/jbn-logo.png]
[www.julius-berger.com/fileadmin/templates/images/search/submit.png]
[www.julius-berger.com/fileadmin/templates/images/slider-header/01.jpg]
[www.julius-berger.com/fileadmin/templates/images/slider-header/02.jpg]
[www.julius-berger.com/fileadmin/templates/images/slider-header/03.jpg]
[www.julius-berger.com/fileadmin/templates/images/slider-header/04.jpg]
[www.julius-berger.com/fileadmin/templates/images/slider-header/05.jpg]
[www.julius-berger.com/fileadmin/templates/images/slider/jbn_home_nigerian.jpg]
[www.julius-berger.com/fileadmin/templates/images/slider/jbn_home_corporatecitizenship.jpg]
[www.julius-berger.com/fileadmin/templates/images/slider/jbn_home_trust.jpg]
[www.julius-berger.com/uploads/tx_templavoila/julius-berger-news_01.png]
[www.julius-berger.com/uploads/tx_templavoila/jbn_13_button_press-releases.png]
[www.julius-berger.com/uploads/tx_templavoila/project-gallery_01.png]
[www.julius-berger.com/uploads/pics/project-gallery-image.png]
[ajax.googleapis.com/ajax/libs/jquery/1.6.2/jquery.min.js]
[www.julius-berger.com/index.html]
[www.julius-berger.com/typo3temp/stylesheet_8b9c2e8d8902bb.css]
[www.julius-berger.com/fileadmin/templates/fonts/MetaSerifWeb-Book.eot]
[www.julius-berger.com/fileadmin/templates/fonts/MetaSerifWeb-Book.woff]
[www.julius-berger.com/fileadmin/templates/images/body-background.png]
[www.julius-berger.com/fileadmin/templates/images/header/header-main.jpg]
[www.julius-berger.com/fileadmin/templates/images/header/annual-general-meeting-2013-banner.png]
[www.julius-berger.com/fileadmin/templates/images/slide_bg.png]
[www.julius-berger.com/fileadmin/templates/images/slider/slider-box-hover-bg.png]
[www.julius-berger.com/fileadmin/templates/images/blue-link-icon.png]
[www.julius-berger.com/fileadmin/templates/images/slider/slide_bg.png]
[www.julius-berger.com/fileadmin/templates/images/slider/wmun.png]
[www.julius-berger.com/fileadmin/templates/images/slider/wdcc.png]
[www.julius-berger.com/fileadmin/templates/images/slider/wdct.png]
[www.julius-berger.com/fileadmin/templates/images/slider/wdem.png]
[www.julius-berger.com/fileadmin/templates/images/slider/find-out.jpg]
[www.julius-berger.com/fileadmin/templates/images/slider/find-out-hover.jpg]
[www.julius-berger.com/fileadmin/templates/images/slider/find-out-active.jpg]
[www.julius-berger.com/fileadmin/templates/images/navigation/navigation-background.jpg]
[www.julius-berger.com/fileadmin/templates/images/navigation/trenner.gif]
[www.julius-berger.com/fileadmin/templates/images/navigation/navigation-background-hover.jpg]
[www.julius-berger.com/fileadmin/templates/images/navigation/border-left-right-sprite.jpg]
[www.julius-berger.com/fileadmin/templates/images/navigation/navigation-sf-hover-background.png]
[www.julius-berger.com/fileadmin/templates/images/navigation/navigation-sf-hover-li-border-bottom3.png]
[www.julius-berger.com/fileadmin/templates/images/navigation/navigation-sf-hover-a-background-3.png]
[www.julius-berger.com/fileadmin/templates/images/default-header-image.jpg]
[www.julius-berger.com/fileadmin/templates/images/download-icon-table.png]
[www.julius-berger.com/fileadmin/templates/images/footer/footer-left-border.jpg]
[www.julius-berger.com/fileadmin/templates/images/footer/footer-right-border.jpg]
[www.julius-berger.com/fileadmin/templates/images/list-bg-image.gif]
[www.julius-berger.com/fileadmin/templates/images/lightbox-zoom-icon.png]
[www.julius-berger.com/fileadmin/templates/images/sidebar/social-sprite_3.png]
[www.julius-berger.com/fileadmin/templates/images/white-link-icon-prev.png]
[www.julius-berger.com/fileadmin/templates/images/white-link-icon-next.png]
[www.julius-berger.com/fileadmin/templates/images/pdf_download_icon.png]
[www.julius-berger.com/fileadmin/templates/images/blue-link-icon-prev.png]
[www.julius-berger.com/fileadmin/templates/images/portlet-jbn-background.png]
[www.julius-berger.com/fileadmin/templates/images/tt_news_trenner.png]
[www.julius-berger.com/fileadmin/templates/images/portlets/portlet_bg.png]
[www.julius-berger.com/fileadmin/templates/images/header/header-background-iphone.jpg]
[www.julius-berger.com/fileadmin/templates/images/header/header-background-iphone-left.jpg]
[www.julius-berger.com/fileadmin/templates/images/header/header-background-ipad.jpg]
[www.julius-berger.com/fileadmin/templates/images/header/annual-general-meeting-2012-banner.png]
[www.julius-berger.com/fileadmin/templates/images/header/header-background-ipad-frontpage.jpg]
[www.julius-berger.com/fileadmin/templates/images/slide_bg_ipad.jpg]
[www.julius-berger.com/fileadmin/templates/images/slider/jbn_home_nigerian_ipad.jpg]
[www.julius-berger.com/fileadmin/templates/images/slider/jbn_home_corporatecitizenship_ipad.jpg]
[www.julius-berger.com/fileadmin/templates/images/slider/jbn_home_trust_ipad.jpg]
[www.julius-berger.com/fileadmin/templates/images/slider/jbn_home_expertise_ipad.jpg]
[www.julius-berger.com/fileadmin/templates/images/slider/wmun_ipad.png]
[www.julius-berger.com/fileadmin/templates/images/slider/wdcc_ipad.png]
[www.julius-berger.com/fileadmin/templates/images/slider/wdct_ipad.png]
[www.julius-berger.com/fileadmin/templates/images/slider/wdem_ipad.png]
[www.julius-berger.com/fileadmin/templates/css/style.css]
[www.julius-berger.com/fileadmin/templates/css/csc.css]
[www.julius-berger.com/fileadmin/templates/css/rte.css]
[www.julius-berger.com/fileadmin/templates/js/fancybox/fancybox.png]
[www.julius-berger.com/fileadmin/templates/js/fancybox/blank.gif]
[www.julius-berger.com/fileadmin/templates/images/next-prev.png]
[www.julius-berger.com/fileadmin/templates/js/fancybox/fancybox-x.png]
[www.julius-berger.com/fileadmin/templates/js/fancybox/fancybox-y.png]
[www.julius-berger.com/fileadmin/templates/js/fancybox/fancy_title_over.png]
[www.julius-berger.com/fileadmin/templates/js/fancybox/jquery.fancybox-1.3.4.css]
[www.julius-berger.com/uploads/tx_templavoila/1-2_our-profile_landscape.jpg]
[www.julius-berger.com/fileadmin/media/Docs/About_us/Fact_Booklet_2013.pdf]
[www.julius-berger.com/about-us/our-profile/index.html]
[www.julius-berger.com/uploads/tx_templavoila/1-2_ourvalues_landscape.jpg]
[www.julius-berger.com/about-us/our-values/index.html]
[www.julius-berger.com/uploads/tx_templavoila/1-2_our-history_landscape.jpg]
[www.julius-berger.com/uploads/pics/1-2_our-history-text_lightbox.jpg]
[www.julius-berger.com/fileadmin/media/Docs/About_us/JBN_HB_45years_screen_new.pdf]
[www.julius-berger.com/about-us/our-history/index.html]
[www.julius-berger.com/uploads/tx_templavoila/1-2_our-group_landscape.jpg]
[www.julius-berger.com/fileadmin/media/Docs/About_us/Primetech_Brochure_2012_web.pdf]
[www.julius-berger.com/about-us/our-group/index.html]
[www.julius-berger.com/uploads/tx_templavoila/1-3_infrastructure_landscape.jpg]
[www.julius-berger.com/uploads/pics/1.3_Infrastructure_text_Opt_2.jpg]
[www.julius-berger.com/project-portfolio/infrastructure/index.html]
[www.julius-berger.com/uploads/pics/1-3_buildings-text_lightbox.jpg]
[www.julius-berger.com/project-portfolio/buildings/index.html]
[www.julius-berger.com/uploads/tx_templavoila/1-3_industries_landscape.jpg]
[www.julius-berger.com/uploads/pics/1-3_industries-text_lightbox.jpg]
[www.julius-berger.com/project-portfolio/industries/index.html]
[www.julius-berger.com/uploads/tx_templavoila/1-3_FSN_landscape.jpg]
[www.julius-berger.com/uploads/pics/1-3_FSN-text_lightbox.jpg]
[www.julius-berger.com/project-portfolio/facility-services/index.html]
[www.julius-berger.com/uploads/tx_templavoila/1-4_quality_landscape.jpg]
[www.julius-berger.com/uploads/pics/1-4_quality-text_lightbox_01.jpg]
[www.julius-berger.com/fileadmin/media/Docs/JB_Difference/certificate_dqs.pdf]
[www.julius-berger.com/the-jb-difference/quality-culture/index.html]
[www.julius-berger.com/uploads/tx_templavoila/1-4_solutions_landscape.jpg]
[www.julius-berger.com/uploads/pics/1-3_Solutions-provider_text_01.jpg]
[www.julius-berger.com/the-jb-difference/solutions-provider/index.html]
[www.julius-berger.com/uploads/tx_templavoila/1-4_resources_landscape.jpg]
[www.julius-berger.com/typo3temp/pics/1.4_resources_text_bd8d307d85.jpg]
[www.julius-berger.com/the-jb-difference/resources-and-services/index.html]
[www.julius-berger.com/uploads/tx_templavoila/1-4_HSE_landscape.jpg]
[www.julius-berger.com/uploads/pics/1-4-Health-saftey-right-box.jpg]
[www.julius-berger.com/the-jb-difference/health-safety-and-environment/index.html]
[www.julius-berger.com/uploads/tx_templavoila/1-4_CSR_landscape.jpg]
[www.julius-berger.com/uploads/pics/julius-berger_corporate-citizenship_text_01.jpg]
[www.julius-berger.com/the-jb-difference/corporate-citizenship/index.html]
[www.julius-berger.com/uploads/tx_templavoila/julius-berger_board-of-directors.jpg]
[www.julius-berger.com/fileadmin/media/Docs/Investor_Relations/2011.11.23_Profile_of_Board_and_Management.pdf]
[www.julius-berger.com/fileadmin/media/Docs/Investor_Relations/Profile-of-Management-Board_2013.pdf]
[www.julius-berger.com/fileadmin/media/Docs/Investor_Relations/JBN_AR_2012.pdf]
[www.julius-berger.com/investor-relations/board-of-directors/index.html]
[www.julius-berger.com/uploads/tx_templavoila/1-5_our-strategy_landscape.jpg]
[www.julius-berger.com/investor-relations/corporate-governance/index.html]
[www.julius-berger.com/uploads/tx_templavoila/julius-berger_Business-Principles_landscape.jpg]
[www.julius-berger.com/investor-relations/business-principles/index.html]
[www.julius-berger.com/uploads/tx_templavoila/julius-berger_Business-Development_Landscape.jpg]
[www.julius-berger.com/investor-relations/business-development/index.html]
[www.julius-berger.com/uploads/tx_templavoila/julius-berger_Financial-Reporting_Landscape.jpg]
[www.julius-berger.com/fileadmin/media/Docs/Investor_Relations/Projected_Financial_Statement_3rd_Quarter_2011.pdf]
[www.julius-berger.com/fileadmin/media/Docs/Investor_Relations/Projected_Results_4th_Quarter_2011.pdf]
[www.julius-berger.com/fileadmin/media/Docs/Investor_Relations/Projected_Financial_Statement_1rst_quarter_2012.pdf]
[www.julius-berger.com/fileadmin/media/Docs/Investor_Relations/IFRS_Projected_cash_flow_for_4TH_QUATER_2012_rev.pdf]
[www.julius-berger.com/fileadmin/media/Docs/Investor_Relations/IFRS_Projected_cash_flow_for_1st_Quarter_2013_.pdf]
[www.julius-berger.com/fileadmin/media/Docs/Investor_Relations/Projected_Financial_Statements_2nd_quarter_2013.pdf]
[www.julius-berger.com/fileadmin/media/Docs/Investor_Relations/Projected_Financial_Statement_3rd_quarter_2013.pdf]
[www.julius-berger.com/fileadmin/media/Docs/Investor_Relations/Unaudited_Financial_Statement_3rd_quarter_2011.pdf]
[www.julius-berger.com/fileadmin/media/Docs/Investor_Relations/Unaudited_Financial_Statement_4th_quarter_2011.pdf]
[www.julius-berger.com/fileadmin/media/Docs/Investor_Relations/JBN_Unaudited_Quarterly_Results_-_Q2_FINAL.pdf]
[www.julius-berger.com/fileadmin/media/Docs/Investor_Relations/JBN_Unaudited_Quarterly_Results_-_Q3.pdf]
[www.julius-berger.com/fileadmin/media/Docs/Investor_Relations/Unaudited_Financial_Statement_1st_quarter_2013.pdf]
[www.julius-berger.com/fileadmin/media/Docs/Investor_Relations/Unaudited_Financial_Statement_2nd_quarter_2013.pdf]
[www.julius-berger.com/fileadmin/media/Docs/Investor_Relations/Unaudited_Financial_Statement_Q3_2013.pdf]
[www.julius-berger.com/fileadmin/media/Docs/Investor_Relations/JBN_AR_2011_web.pdf]
[www.julius-berger.com/fileadmin/media/Docs/Investor_Relations/JBN_AR_2010_web.pdf]
[www.julius-berger.com/fileadmin/media/Docs/Investor_Relations/JBN_AR_2009_web.pdf]
[www.julius-berger.com/investor-relations/financial-reporting/index.html]
[www.julius-berger.com/career/corporate-culture/index.html]
[www.julius-berger.com/career/jb-experiences/index.html]
[www.julius-berger.com/career/apply-online/index.html]
[www.julius-berger.com/contact/index.html]
[www.julius-berger.com/contact/become-a-supplier/index.html]
[www.julius-berger.com/about-us/what-makes-us-nigerian/index.html]
[www.julius-berger.com/about-us/what-does-corporate-citizenship-mean-to-us/index.html]
[www.julius-berger.com/about-us/why-do-clients-trust-in-us/index.html]
[www.julius-berger.com/about-us/what-does-expertise-mean-to-us/index.html]
[www.julius-berger.com/inside-jb/archive/index.html]
[www.julius-berger.com/press-room/latest-news/archive/index.html]
[www.julius-berger.com/inside-jb/view/article/company-holds-hiv-aids-training/index.html]
[www.julius-berger.com/inside-jb/view/article/julius-berger-wins-2013-pearl-awards-1/index.html]
[www.julius-berger.com/inside-jb/view/article/nigerian-society-of-engineers-awards-julius-berger/index.html]
[www.julius-berger.com/on-site/index.html]
[www.julius-berger.com/service/imprint/index.html]
[www.julius-berger.com/service/terms-of-use/index.html]
[www.julius-berger.com/service/privacy-policy/index.html]
[www.julius-berger.com/service/sitemap/index.html]
[www.julius-berger.com/fileadmin/templates/js/fancybox/jquery.fancybox-1.3.4.pack.js]
[www.julius-berger.com/fileadmin/templates/js/fancybox/jquery.easing-1.3.pack.js]
[www.julius-berger.com/fileadmin/templates/js/superfish.js]
[www.julius-berger.com/fileadmin/templates/js/supersubs.js]
[www.julius-berger.com/fileadmin/templates/js/jbn.js]
[www.julius-berger.com/fileadmin/templates/js/slider.js]
[www.julius-berger.com/fileadmin/templates/js/dropdown.js]
[www.julius-berger.com/fileadmin/templates/js/default.js]
[www.julius-berger.com/fileadmin/templates/images/slider/slide_bg_ipad.html]
[www.julius-berger.com/fileadmin/templates/js/fancybox/fancybox/fancy_close.html]
[www.julius-berger.com/fileadmin/templates/js/fancybox/fancybox/fancy_nav_left.html]
[www.julius-berger.com/fileadmin/templates/js/fancybox/fancybox/fancy_nav_right.html]
[www.julius-berger.com/fileadmin/templates/js/fancybox/fancybox/fancy_title_over.html]
[www.julius-berger.com/fileadmin/templates/js/fancybox/fancybox/fancy_title_left.html]
[www.julius-berger.com/fileadmin/templates/js/fancybox/fancybox/fancy_title_main.html]
[www.julius-berger.com/fileadmin/templates/js/fancybox/fancybox/fancy_title_right.html]
[www.julius-berger.com/fileadmin/templates/js/fancybox/fancybox/fancy_loading.html]
[www.julius-berger.com/fileadmin/templates/js/fancybox/fancybox/fancy_shadow_n.html]
[www.julius-berger.com/fileadmin/templates/js/fancybox/fancybox/fancy_shadow_ne.html]
[www.julius-berger.com/fileadmin/templates/js/fancybox/fancybox/fancy_shadow_e.html]
[www.julius-berger.com/fileadmin/templates/js/fancybox/fancybox/fancy_shadow_se.html]
[www.julius-berger.com/fileadmin/templates/js/fancybox/fancybox/fancy_shadow_s.html]
[www.julius-berger.com/fileadmin/templates/js/fancybox/fancybox/fancy_shadow_sw.html]
[www.julius-berger.com/fileadmin/templates/js/fancybox/fancybox/fancy_shadow_w.html]
[www.julius-berger.com/fileadmin/templates/js/fancybox/fancybox/fancy_shadow_nw.html]
[www.julius-berger.com/about-us/our-profile/index7b0e.html]
[www.julius-berger.com/about-us/our-values/index7b0e.html]
[www.julius-berger.com/about-us/our-history/index7b0e.html]
[www.julius-berger.com/about-us/our-group/index7b0e.html]
[www.julius-berger.com/project-portfolio/infrastructure/index7b0e.html]
[www.julius-berger.com/project-portfolio/buildings/index7b0e.html]
[www.julius-berger.com/project-portfolio/industries/index7b0e.html]
[www.julius-berger.com/project-portfolio/facility-services/index7b0e.html]
[www.julius-berger.com/the-jb-difference/quality-culture/index7b0e.html]
[www.julius-berger.com/the-jb-difference/solutions-provider/index7b0e.html]
[www.julius-berger.com/the-jb-difference/resources-and-services/index7b0e.html]
[www.julius-berger.com/the-jb-difference/health-safety-and-environment/index7b0e.html]
[www.julius-berger.com/the-jb-difference/corporate-citizenship/index7b0e.html]
[www.julius-berger.com/investor-relations/board-of-directors/index7b0e.html]
[www.julius-berger.com/investor-relations/corporate-governance/index7b0e.html]
[www.julius-berger.com/fileadmin/media/Docs/Investor_Relations/JBN_Statement_of_Business_Principles.html]
[www.julius-berger.com/investor-relations/business-principles/index7b0e.html]
[www.julius-berger.com/investor-relations/business-development/index7b0e.html]
[www.julius-berger.com/fileadmin/media/Docs/Investor_Relations/Q4_2013_Projected_Financial_Statements.html]
[www.julius-berger.com/fileadmin/media/Docs/Investor_Relations/Q1_2014_Projected_Financial_Statement.html]
[www.julius-berger.com/investor-relations/financial-reporting/index7b0e.html]
[www.julius-berger.com/fileadmin/templates/images/slider/jbn_home_nigerian.jpg]
[www.julius-berger.com/fileadmin/templates/images/slider/jbn_home_corporatecitizenship.jpg]
[www.julius-berger.com/fileadmin/templates/images/slider/jbn_home_trust.jpg]
[www.julius-berger.com/fileadmin/templates/images/slider/jbn_home_expertise.jpg]
[www.julius-berger.com/fileadmin/media/Docs/About_us/Fact_Booklet_2013.pdf]
[www.julius-berger.com/fileadmin/media/Docs/About_us/JBN_HB_45years_screen_new.pdf]
[www.julius-berger.com/fileadmin/media/Docs/Investor_Relations/JBN_AR_2012.pdf]
[www.julius-berger.com/fileadmin/media/Docs/Investor_Relations/Projected_Financial_Statements_2nd_quarter_2013.pdf]
[www.julius-berger.com/fileadmin/media/Docs/Investor_Relations/Projected_Financial_Statement_3rd_quarter_2013.pdf]
[www.julius-berger.com/fileadmin/media/Docs/Investor_Relations/Unaudited_Financial_Statement_3rd_quarter_2011.pdf]
[www.julius-berger.com/fileadmin/media/Docs/Investor_Relations/Unaudited_Financial_Statement_4th_quarter_2011.pdf]
[www.julius-berger.com/fileadmin/media/Docs/Investor_Relations/JBN_Unaudited_Quarterly_Results_-_Q2_FINAL.pdf]
[www.julius-berger.com/fileadmin/media/Docs/Investor_Relations/JBN_Unaudited_Quarterly_Results_-_Q3.pdf]
[www.julius-berger.com/fileadmin/media/Docs/Investor_Relations/Unaudited_Financial_Statement_2nd_quarter_2013.pdf]
[www.julius-berger.com/fileadmin/media/Docs/Investor_Relations/JBN_AR_2011_web.pdf]
[www.julius-berger.com/fileadmin/media/Docs/Investor_Relations/JBN_AR_2010_web.pdf]
[www.julius-berger.com/fileadmin/media/Docs/Investor_Relations/JBN_AR_2009_web.pdf]
[www.julius-berger.com/uploads/tx_templavoila/1-6_company-culture_landscape.jpg]
[www.julius-berger.com/uploads/pics/1-6_company-culture_text.jpg]
[www.julius-berger.com/career/corporate-culture/index7b0e.html]
[www.julius-berger.com/uploads/tx_templavoila/1-7_jobs_02.jpg]
[www.julius-berger.com/career/jb-experiences/oikelomen-blessing-olohije/index.html]
[www.julius-berger.com/typo3temp/pics/Oikelomen-Blessing-Olohije_76830125e1.jpg]
[www.julius-berger.com/career/jb-experiences/ifeanyi-jacob-israel/index.html]
[www.julius-berger.com/typo3temp/pics/Ifeanyi-Jacob-Israel_9721b4d781.jpg]
[www.julius-berger.com/career/jb-experiences/josefine-erles/index.html]
[www.julius-berger.com/typo3temp/pics/1-6_JBN-experiences-josefine-erles_lightbox_01_c33f37bc74.jpg]
[www.julius-berger.com/career/jb-experiences/index7b0e.html]
[www.julius-berger.com/fileadmin/templates/css/formhandler.css]
[www.julius-berger.com/index43b3.php]
[www.julius-berger.com/index9976.php]
[www.julius-berger.com/index5e40.php]
[www.julius-berger.com/index8700.php]
[www.julius-berger.com/indexfa87.php]
[www.julius-berger.com/uploads/tx_templavoila/1-6_apply-online.jpg]
[www.julius-berger.com/career/apply-online/index7b0e.html]
[www.julius-berger.com/uploads/tx_templavoila/1-7_contact-us_landscape.jpg]
[www.julius-berger.com/contact/index7b0e.html]
[www.julius-berger.com/index29b5.php]
[www.julius-berger.com/index7358.php]
[www.julius-berger.com/indexecb0.php]
[www.julius-berger.com/indexc582.php]
[www.julius-berger.com/index22b5.php]
[www.julius-berger.com/uploads/tx_templavoila/1-6_apply-online_01.jpg]
[www.julius-berger.com/contact/become-a-supplier/index7b0e.html]
[www.julius-berger.com/uploads/tx_templavoila/2-1_what-nigerian_landscape.jpg]
[www.julius-berger.com/typo3temp/pics/2.1_text_award_01_49c3ea82ba.jpg]
[www.julius-berger.com/uploads/pics/2.1_text_award_01.jpg]
[www.julius-berger.com/fileadmin/media/Docs/About_us/Nigerian_Content_2011_V2_for_website.pdf]
[www.julius-berger.com/about-us/what-makes-us-nigerian/index7b0e.html]
[www.julius-berger.com/uploads/tx_templavoila/2-2_landscape_01.jpg]
[www.julius-berger.com/uploads/pics/2-2_corporate-citizenship_text.jpg]
[www.julius-berger.com/about-us/what-does-corporate-citizenship-mean-to-us/index7b0e.html]
[www.julius-berger.com/uploads/tx_templavoila/2-3_landscape.jpg]
[www.julius-berger.com/uploads/pics/2.3_client_trust_text_pic.jpg]
[www.julius-berger.com/about-us/why-do-clients-trust-in-us/index7b0e.html]
[www.julius-berger.com/uploads/tx_templavoila/2-4_landscape.jpg]
[www.julius-berger.com/uploads/pics/2-4_text_lightbox_01.jpg]
[www.julius-berger.com/about-us/what-does-expertise-mean-to-us/index7b0e.html]
[www.julius-berger.com/inside-jb/view/article/inauguration-of-lekki-ikoyi-link-bridge-constructed-and-built-by-julius-berger-nigeria-plc/index.html]
[www.julius-berger.com/inside-jb/view/article/julius-berger-donates-1000-books-to-public-library/index.html]
[www.julius-berger.com/inside-jb/archive/archive/2013/browse/1/index.html]
[www.julius-berger.com/inside-jb/archive/archive/2013/index.html]
[www.julius-berger.com/inside-jb/archive/archive/2012/index.html]
[www.julius-berger.com/inside-jb/archive/archive/2011/index.html]
[www.julius-berger.com/inside-jb/archive/index7b0e.html]
[www.julius-berger.com/uploads/tx_templavoila/julius-berger_press_landscape_02.jpg]
[www.julius-berger.com/press-room/latest-news/view/article/julius-berger-wins-2013-pearl-awards/index.html]
[www.julius-berger.com/press-room/latest-news/view/article/ambulance-donated-to-julius-berger/index.html]
[www.julius-berger.com/press-room/latest-news/view/article/nse-awards-julius-berger/index.html]
[www.julius-berger.com/press-room/latest-news/view/article/julius-berger-distributes-life-saving-mosquito-nets/index.html]
[www.julius-berger.com/press-room/latest-news/view/article/julius-berger-sponsors-school-supplies/index.html]
[www.julius-berger.com/press-room/latest-news/archive/archive/2013/browse/1/index.html]
[www.julius-berger.com/press-room/latest-news/archive/archive/2013/browse/2/index.html]
[www.julius-berger.com/press-room/latest-news/archive/archive/2013/browse/3/index.html]
[www.julius-berger.com/contact/press/index.html]
[www.julius-berger.com/press-room/latest-news/archive/archive/2013/index.html]
[www.julius-berger.com/press-room/latest-news/archive/archive/2012/index.html]
[www.julius-berger.com/press-room/latest-news/archive/archive/2011/index.html]
[www.julius-berger.com/press-room/latest-news/archive/index7b0e.html]
[www.julius-berger.com/uploads/tx_templavoila/julius-berger_Press-Releases_Landscape_02.JPG]
[www.julius-berger.com/inside-jb/view/article/company-holds-hiv-aids-training/indexbb80.html]
[www.julius-berger.com/inside-jb/view/article/julius-berger-wins-2013-pearl-awards-1/index28f2.html]
[www.julius-berger.com/inside-jb/view/article/nigerian-society-of-engineers-awards-julius-berger/indexa454.html]
[www.julius-berger.com/uploads/tx_templavoila/3-1_Press-Room__Landacape.jpg]
[www.julius-berger.com/uploads/pics/_0000_AEW1.jpg.jpg]
[www.julius-berger.com/typo3temp/pics/_0000_AEW1.jpg_e2a3662509.jpg]
[www.julius-berger.com/uploads/pics/_0001_AEW2.JPG.jpg]
[www.julius-berger.com/typo3temp/pics/_0001_AEW2.JPG_fdb574673d.jpg]
[www.julius-berger.com/uploads/pics/_0002_AEW3.JPG.jpg]
[www.julius-berger.com/typo3temp/pics/_0002_AEW3.JPG_f5ac25065a.jpg]
[www.julius-berger.com/uploads/pics/_0004_AEW5.JPG.jpg]
[www.julius-berger.com/typo3temp/pics/_0004_AEW5.JPG_dc8e7fcd78.jpg]
[www.julius-berger.com/typo3temp/pics/AEW_6265_3c084ca851.jpg]
[www.julius-berger.com/typo3temp/pics/AEW_6265_eab91dd1b2.jpg]
[www.julius-berger.com/typo3temp/pics/AEW_Asphalt_Works_4fa2a34da0.jpg]
[www.julius-berger.com/typo3temp/pics/AEW_Asphalt_Works_dc0d31ad56.jpg]
[www.julius-berger.com/typo3temp/pics/AEW_Drilling_Of_Rock_For_Preparation_Of_Blasting_3becea874a.jpg]
[www.julius-berger.com/typo3temp/pics/AEW_Drilling_Of_Rock_For_Preparation_Of_Blasting_8a12048847.jpg]
[www.julius-berger.com/typo3temp/pics/AEW_Scarification_Of_Existing_Main_Carriageway_40523be131.jpg]
[www.julius-berger.com/typo3temp/pics/AEW_Scarification_Of_Existing_Main_Carriageway_a6d8d85de1.jpg]
[www.julius-berger.com/typo3temp/pics/AEW_Casting_Of_Safety_Barrier_57ebb24bae.jpg]
[www.julius-berger.com/typo3temp/pics/AEW_Casting_Of_Safety_Barrier_e08a2e3533.jpg]
[www.julius-berger.com/uploads/pics/_0010_Bridge1.JPG.jpg]
[www.julius-berger.com/typo3temp/pics/_0010_Bridge1.JPG_dd3b0decad.jpg]
[www.julius-berger.com/uploads/pics/_0011_Bridge2.JPG.jpg]
[www.julius-berger.com/typo3temp/pics/_0011_Bridge2.JPG_258363c8de.jpg]
[www.julius-berger.com/uploads/pics/_0012_Bridge3.JPG.jpg]
[www.julius-berger.com/typo3temp/pics/_0012_Bridge3.JPG_adc84669bf.jpg]
[www.julius-berger.com/uploads/pics/_0014_Bridge5.JPG.jpg]
[www.julius-berger.com/typo3temp/pics/_0014_Bridge5.JPG_6048b2561b.jpg]
[www.julius-berger.com/typo3temp/pics/OSB_bee23c605d.jpg]
[www.julius-berger.com/typo3temp/pics/OSB_725572890b.jpg]
[www.julius-berger.com/typo3temp/pics/OSB_8961_8ae6db1ec2.jpg]
[www.julius-berger.com/typo3temp/pics/OSB_8961_aa2cc63bae.jpg]
[www.julius-berger.com/typo3temp/pics/OSB_1962_b7f7907330.jpg]
[www.julius-berger.com/typo3temp/pics/OSB_1962_4162c0cec2.jpg]
[www.julius-berger.com/typo3temp/pics/ret_DSC_0276_4d5c5d1f45.jpg]
[www.julius-berger.com/typo3temp/pics/ret_DSC_0276_5f80eeda5d.jpg]
[www.julius-berger.com/uploads/pics/_0026_Uyo1.JPG.jpg]
[www.julius-berger.com/typo3temp/pics/_0026_Uyo1.JPG_8f89f9a911.jpg]
[www.julius-berger.com/uploads/pics/_0027_Uyo2.jpg.jpg]
[www.julius-berger.com/typo3temp/pics/_0027_Uyo2.jpg_83438a86e6.jpg]
[www.julius-berger.com/uploads/pics/_0028_Uyo3.JPG.jpg]
[www.julius-berger.com/typo3temp/pics/_0028_Uyo3.JPG_3f423f9aa1.jpg]
[www.julius-berger.com/uploads/pics/_0029_Uyo4.JPG.jpg]
[www.julius-berger.com/typo3temp/pics/_0029_Uyo4.JPG_021d220918.jpg]
[www.julius-berger.com/uploads/pics/_0030_Uyo5.JPG.jpg]
[www.julius-berger.com/typo3temp/pics/_0030_Uyo5.JPG_80d438416b.jpg]
[www.julius-berger.com/uploads/pics/_0015_CBL1.JPG.jpg]
[www.julius-berger.com/typo3temp/pics/_0015_CBL1.JPG_5806827aa8.jpg]
[www.julius-berger.com/uploads/pics/_0016_CBL2.JPG.jpg]
[www.julius-berger.com/typo3temp/pics/_0016_CBL2.JPG_2b776c2787.jpg]
[www.julius-berger.com/uploads/pics/_0017_CBL3.JPG.jpg]
[www.julius-berger.com/typo3temp/pics/_0017_CBL3.JPG_51a6013e9e.jpg]
[www.julius-berger.com/uploads/pics/_0019_CBL4.JPG.jpg]
[www.julius-berger.com/typo3temp/pics/_0019_CBL4.JPG_9c97b7fd3b.jpg]
[www.julius-berger.com/uploads/pics/_0020_CBL5.JPG.jpg]
[www.julius-berger.com/typo3temp/pics/_0020_CBL5.JPG_8b64e121a9.jpg]
[www.julius-berger.com/uploads/pics/_0005_Bonny1.JPG.jpg]
[www.julius-berger.com/typo3temp/pics/_0005_Bonny1.JPG_4f09c6bbfd.jpg]
[www.julius-berger.com/uploads/pics/_0006_Bonny2.jpg.jpg]
[www.julius-berger.com/typo3temp/pics/_0006_Bonny2.jpg_f578ace855.jpg]
[www.julius-berger.com/uploads/pics/_0007_Bonny3.jpg.jpg]
[www.julius-berger.com/typo3temp/pics/_0007_Bonny3.jpg_69b4a3c93a.jpg]
[www.julius-berger.com/uploads/pics/_0008_Bonny4.JPG.jpg]
[www.julius-berger.com/typo3temp/pics/_0008_Bonny4.JPG_c7f0fdfc4d.jpg]
[www.julius-berger.com/uploads/pics/_0009_Bonny5.JPG.jpg]
[www.julius-berger.com/typo3temp/pics/_0009_Bonny5.JPG_4d32d972ab.jpg]
[www.julius-berger.com/uploads/pics/_0021_Escravos1.JPG.jpg]
[www.julius-berger.com/typo3temp/pics/_0021_Escravos1.JPG_c16c26d3d3.jpg]
[www.julius-berger.com/uploads/pics/_0022_Escravos2.JPG.jpg]
[www.julius-berger.com/typo3temp/pics/_0022_Escravos2.JPG_7a21ff1ce6.jpg]
[www.julius-berger.com/uploads/pics/_0023_Escravos3.JPG.jpg]
[www.julius-berger.com/typo3temp/pics/_0023_Escravos3.JPG_a5a9f26add.jpg]
[www.julius-berger.com/uploads/pics/_0024_Escravos4.JPG.jpg]
[www.julius-berger.com/typo3temp/pics/_0024_Escravos4.JPG_9f27a9dd3c.jpg]
[www.julius-berger.com/uploads/pics/_0025_Escravos5.jpg.jpg]
[www.julius-berger.com/typo3temp/pics/_0025_Escravos5.jpg_af3929465b.jpg]
[www.julius-berger.com/on-site/index7b0e.html]
[www.julius-berger.com/service/imprint/index7b0e.html]
[www.julius-berger.com/service/terms-of-use/index7b0e.html]
[www.julius-berger.com/service/privacy-policy/index7b0e.html]
[www.julius-berger.com/career/jb-experiences/archive-jb-experience/index.html]
[www.julius-berger.com/service/sitemap/index7b0e.html]
[www.julius-berger.com/fileadmin/templates/css/printc6e3.css]
[www.julius-berger.com/about-us/our-profile/indexf477.html]
[www.julius-berger.com/about-us/our-values/indexf477.html]
[www.julius-berger.com/about-us/our-history/indexf477.html]
[www.julius-berger.com/about-us/our-group/indexf477.html]
[www.julius-berger.com/project-portfolio/infrastructure/indexf477.html]
[www.julius-berger.com/project-portfolio/buildings/indexf477.html]
[www.julius-berger.com/project-portfolio/industries/indexf477.html]
[www.julius-berger.com/project-portfolio/facility-services/indexf477.html]
[www.julius-berger.com/the-jb-difference/quality-culture/indexf477.html]
[www.julius-berger.com/the-jb-difference/solutions-provider/indexf477.html]
[www.julius-berger.com/the-jb-difference/resources-and-services/indexf477.html]
[www.julius-berger.com/the-jb-difference/health-safety-and-environment/indexf477.html]
[www.julius-berger.com/the-jb-difference/corporate-citizenship/indexf477.html]
[www.julius-berger.com/investor-relations/board-of-directors/indexf477.html]
[www.julius-berger.com/investor-relations/corporate-governance/indexf477.html]
[www.julius-berger.com/investor-relations/business-principles/indexf477.html]
[www.julius-berger.com/investor-relations/business-development/indexf477.html]
[www.julius-berger.com/investor-relations/financial-reporting/indexf477.html]
